
> marlon-portfolio@0.1.0 build
> next build

Ôû▓ Next.js 16.1.3 (Turbopack)

  Creating an optimized production build ...
node.exe : 
En línea: 1 Carácter: 1
+ & "C:\Program 
Files\nodejs/node.exe" 
"C:\Program 
Files\nodejs/node_mo ...
+ ~~~~~~~~~~~~~~~~~~~~~~~~~~~
~~~~~~~~~~~~~~~~~~~~~~~~~~~~~
~~~~~~~~~~~~~
    + CategoryInfo           
   : NotSpecified: (:String  
  ) [], RemoteException
    + FullyQualifiedErrorId  
   : NativeCommandError
 
> Build error occurred
Error: Turbopack build 
failed with 1 errors:
./components/sections/AboutSe
ction.tsx:130:31
Parsing ecmascript source 
code failed
[0m [90m 128 |[39m        
                             
y desarrollo de soluciones 
tecnol├│gicas seguras y 
escalables[33m.[39m
 [90m 129 |[39m            
                     [33m<[
39m[33m/[39m[33mp[39m[33
m>[39m
[31m[1m>[22m[39m[90m 
130 |[39m                   
      [33m<[39m[33m/[39m
[33mdiv[39m[33m>[39m
 [90m     |[39m            
                   
[31m[1m^[22m[39m
[31m[1m>[22m[39m[90m 
131 |[39m
 [90m     |[39m 
[31m[1m^[22m[39m
[31m[1m>[22m[39m[90m 
132 |[39m                   
      
[33m<[39m[33mdiv[39m clas
sName[33m=[39m[32m"text-[#
00ffff] text-xs 
mt-4"[39m[33m>[39m
 [90m     |[39m [31m[1m^
[22m[39m[31m[1m^[22m[39m
[31m[1m^[22m[39m[31m[1m
^[22m[39m[31m[1m^[22m[3
9m[31m[1m^[22m[39m[31m[
1m^[22m[39m[31m[1m^[22m
[39m[31m[1m^[22m[39m[31m
[1m^[22m[39m[31m[1m^[22
m[39m[31m[1m^[22m[39m[3
1m[1m^[22m[39m[31m[1m^[
22m[39m[31m[1m^[22m[39m
[31m[1m^[22m[39m[31m[1m^
[22m[39m[31m[1m^[22m[39
m[31m[1m^[22m[39m[31m[1
m^[22m[39m[31m[1m^[22m[
39m[31m[1m^[22m[39m[31m
[1m^[22m[39m[31m[1m^[22m
[39m[31m[1m^[22m[39m
 [90m 133 |[39m            
                 ÔòÜÔòÉÔòÉÔòÉ
ÔòÉÔòÉÔòÉÔòÉÔòÉÔòÉÔòÉÔòÉÔòÉÔò
ÉÔòÉÔòÉÔòÉÔòÉÔòÉÔòÉÔòÉÔòÉÔòÉÔ
òÉÔòÉÔòÉÔòÉÔòÉÔòÉÔòÉÔòÉÔòÉÔòÉ
ÔòÉÔòÉÔòÉÔòÉÔòÉÔòÉÔòÉÔòÉÔòÉÔò
ÉÔòÉÔòÉÔòÉÔòÉÔòÉÔòÉÔòÉÔòÉÔòÉÔ
òÉÔòÉÔòÉÔòÉÔòÉÔòÉÔòÉÔòÉÔòÉÔòÉ
ÔòÉÔòÉÔòÉÔòÉÔòÉÔòÉÔòØ
 [90m 134 |[39m            
             [33m<[39m[33m
/[39m[33mdiv[39m[33m>[39
m
 [90m 135 |[39m            
         [33m<[39m[33m/[3
9m[33mmotion[39m[33m.[39m
div[33m>[39m[0m

Expected '</', got 'jsx text 
(

                        )'

Import trace:
  Server Component:
    ./components/sections/Abo
utSection.tsx
    ./app/page.tsx


    at <unknown> (./component
s/sections/AboutSection.tsx:1
30:31)
